// Jest Snapshot v1, https://goo.gl/fbAQLP

exports[`Profile renders correctly check by snapshot 1`] = `
Array [
  <header>
    <div>
      Профиль
    </div>
  </header>,
  <main>
    <section />
  </main>,
]
`;
