// Jest Snapshot v1, https://goo.gl/fbAQLP

exports[`Map renders correctly check by snapshot 1`] = `
Array [
  <header>
    <div>
      NavBar component
    </div>
  </header>,
  <main>
    <section>
      <div>
        Карта
      </div>
      <div
        className="MuiPaper-root redirect-form-layout MuiPaper-elevation1 MuiPaper-rounded"
      >
        <div
          className="MuiBox-root MuiBox-root-1"
        >
          <form
            className="redirect-form-content"
            onSubmit={[Function]}
          >
            <div
              className="MuiGrid-root MuiGrid-container MuiGrid-spacing-xs-2 MuiGrid-direction-xs-column"
            >
              <div
                className="MuiGrid-root MuiGrid-item MuiGrid-grid-xs-12"
              >
                <h4
                  className="MuiTypography-root MuiTypography-h4"
                >
                  Заполните платежные данные
                </h4>
              </div>
              <div
                className="MuiGrid-root MuiGrid-item MuiGrid-grid-xs-12"
              >
                <p
                  className="MuiTypography-root MuiTypography-body1"
                >
                  Укажите информацию о банковской карте, чтобы сделать заказ.
                </p>
              </div>
              <div
                className="MuiGrid-root MuiGrid-item MuiGrid-grid-xs-12"
              >
                <div
                  className="redirect-button"
                >
                  <button
                    className="MuiButtonBase-root MuiButton-root MuiButton-contained MuiButton-containedPrimary MuiButton-fullWidth"
                    disabled={false}
                    onBlur={[Function]}
                    onDragLeave={[Function]}
                    onFocus={[Function]}
                    onKeyDown={[Function]}
                    onKeyUp={[Function]}
                    onMouseDown={[Function]}
                    onMouseLeave={[Function]}
                    onMouseUp={[Function]}
                    onTouchEnd={[Function]}
                    onTouchMove={[Function]}
                    onTouchStart={[Function]}
                    tabIndex={0}
                    type="submit"
                  >
                    <span
                      className="MuiButton-label"
                    >
                      Перейти в профиль
                    </span>
                  </button>
                </div>
              </div>
            </div>
          </form>
        </div>
      </div>
    </section>
  </main>,
]
`;
