// Jest Snapshot v1, https://goo.gl/fbAQLP

exports[`OrderSuccessForm renders correctly check by snapshot 1`] = `
<div
  className="MuiPaper-root order-success-form-layout MuiPaper-elevation1 MuiPaper-rounded"
>
  <form
    onSubmit={[Function]}
  >
    <div
      className="MuiGrid-root MuiGrid-container MuiGrid-spacing-xs-2 MuiGrid-direction-xs-column"
    >
      <div
        className="MuiGrid-root MuiGrid-item MuiGrid-grid-xs-12"
      >
        <h4
          className="MuiTypography-root MuiTypography-h4"
        >
          Заказ размещён
        </h4>
      </div>
      <div
        className="MuiGrid-root MuiGrid-item MuiGrid-grid-xs-12"
      >
        <p
          className="MuiTypography-root MuiTypography-body1"
        >
          Ваше такси уже едет к вам. Прибудет приблизительно через 10 минут.
        </p>
      </div>
      <div
        className="MuiGrid-root MuiGrid-item MuiGrid-grid-xs-12"
      >
        <button
          className="MuiButtonBase-root MuiButton-root MuiButton-contained MuiButton-containedPrimary MuiButton-fullWidth"
          disabled={false}
          onBlur={[Function]}
          onDragLeave={[Function]}
          onFocus={[Function]}
          onKeyDown={[Function]}
          onKeyUp={[Function]}
          onMouseDown={[Function]}
          onMouseLeave={[Function]}
          onMouseUp={[Function]}
          onTouchEnd={[Function]}
          onTouchMove={[Function]}
          onTouchStart={[Function]}
          tabIndex={0}
          type="submit"
        >
          <span
            className="MuiButton-label"
          >
            Сделать новый заказ
          </span>
        </button>
      </div>
    </div>
  </form>
</div>
`;
