// Jest Snapshot v1, https://goo.gl/fbAQLP

exports[`RouteForm renders correctly check by snapshot 1`] = `
<div
  className="MuiPaper-root route-form-layout MuiPaper-elevation1 MuiPaper-rounded"
>
  <div
    className="MuiBox-root MuiBox-root-1"
  >
    <form
      className="route-form-content"
      onSubmit={[Function]}
    >
      <div
        className="MuiGrid-root MuiGrid-container MuiGrid-spacing-xs-4 MuiGrid-direction-xs-column"
      >
        <div
          className="MuiGrid-root MuiGrid-item MuiGrid-grid-xs-12"
        >
          <div
            aria-expanded={false}
            aria-owns={null}
            className="MuiAutocomplete-root MuiAutocomplete-hasClearIcon MuiAutocomplete-hasPopupIcon"
            onClick={[Function]}
            onKeyDown={[Function]}
            onMouseDown={[Function]}
            role="combobox"
          >
            <div
              className="MuiFormControl-root MuiTextField-root MuiFormControl-fullWidth"
            >
              <label
                className="MuiFormLabel-root MuiInputLabel-root MuiInputLabel-formControl MuiInputLabel-animated"
                data-shrink={false}
                htmlFor="from-combo"
                id="from-combo-label"
              >
                Откуда
              </label>
              <div
                className="MuiInputBase-root MuiInput-root MuiInput-underline MuiAutocomplete-inputRoot MuiInputBase-fullWidth MuiInput-fullWidth MuiInputBase-formControl MuiInput-formControl MuiInputBase-adornedEnd"
                onClick={[Function]}
              >
                <input
                  aria-activedescendant={null}
                  aria-autocomplete="list"
                  aria-controls={null}
                  aria-invalid={false}
                  autoCapitalize="none"
                  autoComplete="off"
                  autoFocus={false}
                  className="MuiInputBase-input MuiInput-input MuiAutocomplete-input MuiAutocomplete-inputFocused MuiInputBase-inputAdornedEnd"
                  disabled={false}
                  id="from-combo"
                  onAnimationStart={[Function]}
                  onBlur={[Function]}
                  onChange={[Function]}
                  onFocus={[Function]}
                  onMouseDown={[Function]}
                  required={false}
                  spellCheck="false"
                  type="text"
                  value=""
                />
                <div
                  className="MuiAutocomplete-endAdornment"
                >
                  <button
                    aria-label="Clear"
                    className="MuiButtonBase-root MuiIconButton-root MuiAutocomplete-clearIndicator MuiAutocomplete-clearIndicatorDirty"
                    disabled={false}
                    onBlur={[Function]}
                    onClick={[Function]}
                    onDragLeave={[Function]}
                    onFocus={[Function]}
                    onKeyDown={[Function]}
                    onKeyUp={[Function]}
                    onMouseDown={[Function]}
                    onMouseLeave={[Function]}
                    onMouseUp={[Function]}
                    onTouchEnd={[Function]}
                    onTouchMove={[Function]}
                    onTouchStart={[Function]}
                    tabIndex={-1}
                    title="Clear"
                    type="button"
                  >
                    <span
                      className="MuiIconButton-label"
                    >
                      <svg
                        aria-hidden={true}
                        className="MuiSvgIcon-root MuiSvgIcon-fontSizeSmall"
                        focusable="false"
                        viewBox="0 0 24 24"
                      >
                        <path
                          d="M19 6.41L17.59 5 12 10.59 6.41 5 5 6.41 10.59 12 5 17.59 6.41 19 12 13.41 17.59 19 19 17.59 13.41 12z"
                        />
                      </svg>
                    </span>
                  </button>
                  <button
                    aria-label="Open"
                    className="MuiButtonBase-root MuiIconButton-root MuiAutocomplete-popupIndicator"
                    disabled={false}
                    onBlur={[Function]}
                    onClick={[Function]}
                    onDragLeave={[Function]}
                    onFocus={[Function]}
                    onKeyDown={[Function]}
                    onKeyUp={[Function]}
                    onMouseDown={[Function]}
                    onMouseLeave={[Function]}
                    onMouseUp={[Function]}
                    onTouchEnd={[Function]}
                    onTouchMove={[Function]}
                    onTouchStart={[Function]}
                    tabIndex={-1}
                    title="Open"
                    type="button"
                  >
                    <span
                      className="MuiIconButton-label"
                    >
                      <svg
                        aria-hidden={true}
                        className="MuiSvgIcon-root"
                        focusable="false"
                        viewBox="0 0 24 24"
                      >
                        <path
                          d="M7 10l5 5 5-5z"
                        />
                      </svg>
                    </span>
                  </button>
                </div>
              </div>
              
            </div>
          </div>
        </div>
        <div
          className="MuiGrid-root MuiGrid-item MuiGrid-grid-xs-12"
        >
          <div
            aria-expanded={false}
            aria-owns={null}
            className="MuiAutocomplete-root MuiAutocomplete-hasClearIcon MuiAutocomplete-hasPopupIcon"
            onClick={[Function]}
            onKeyDown={[Function]}
            onMouseDown={[Function]}
            role="combobox"
          >
            <div
              className="MuiFormControl-root MuiTextField-root MuiFormControl-fullWidth"
            >
              <label
                className="MuiFormLabel-root MuiInputLabel-root MuiInputLabel-formControl MuiInputLabel-animated"
                data-shrink={false}
                htmlFor="to-combo"
                id="to-combo-label"
              >
                Куда
              </label>
              <div
                className="MuiInputBase-root MuiInput-root MuiInput-underline MuiAutocomplete-inputRoot MuiInputBase-fullWidth MuiInput-fullWidth MuiInputBase-formControl MuiInput-formControl MuiInputBase-adornedEnd"
                onClick={[Function]}
              >
                <input
                  aria-activedescendant={null}
                  aria-autocomplete="list"
                  aria-controls={null}
                  aria-invalid={false}
                  autoCapitalize="none"
                  autoComplete="off"
                  autoFocus={false}
                  className="MuiInputBase-input MuiInput-input MuiAutocomplete-input MuiAutocomplete-inputFocused MuiInputBase-inputAdornedEnd"
                  disabled={false}
                  id="to-combo"
                  onAnimationStart={[Function]}
                  onBlur={[Function]}
                  onChange={[Function]}
                  onFocus={[Function]}
                  onMouseDown={[Function]}
                  required={false}
                  spellCheck="false"
                  type="text"
                  value=""
                />
                <div
                  className="MuiAutocomplete-endAdornment"
                >
                  <button
                    aria-label="Clear"
                    className="MuiButtonBase-root MuiIconButton-root MuiAutocomplete-clearIndicator MuiAutocomplete-clearIndicatorDirty"
                    disabled={false}
                    onBlur={[Function]}
                    onClick={[Function]}
                    onDragLeave={[Function]}
                    onFocus={[Function]}
                    onKeyDown={[Function]}
                    onKeyUp={[Function]}
                    onMouseDown={[Function]}
                    onMouseLeave={[Function]}
                    onMouseUp={[Function]}
                    onTouchEnd={[Function]}
                    onTouchMove={[Function]}
                    onTouchStart={[Function]}
                    tabIndex={-1}
                    title="Clear"
                    type="button"
                  >
                    <span
                      className="MuiIconButton-label"
                    >
                      <svg
                        aria-hidden={true}
                        className="MuiSvgIcon-root MuiSvgIcon-fontSizeSmall"
                        focusable="false"
                        viewBox="0 0 24 24"
                      >
                        <path
                          d="M19 6.41L17.59 5 12 10.59 6.41 5 5 6.41 10.59 12 5 17.59 6.41 19 12 13.41 17.59 19 19 17.59 13.41 12z"
                        />
                      </svg>
                    </span>
                  </button>
                  <button
                    aria-label="Open"
                    className="MuiButtonBase-root MuiIconButton-root MuiAutocomplete-popupIndicator"
                    disabled={false}
                    onBlur={[Function]}
                    onClick={[Function]}
                    onDragLeave={[Function]}
                    onFocus={[Function]}
                    onKeyDown={[Function]}
                    onKeyUp={[Function]}
                    onMouseDown={[Function]}
                    onMouseLeave={[Function]}
                    onMouseUp={[Function]}
                    onTouchEnd={[Function]}
                    onTouchMove={[Function]}
                    onTouchStart={[Function]}
                    tabIndex={-1}
                    title="Open"
                    type="button"
                  >
                    <span
                      className="MuiIconButton-label"
                    >
                      <svg
                        aria-hidden={true}
                        className="MuiSvgIcon-root"
                        focusable="false"
                        viewBox="0 0 24 24"
                      >
                        <path
                          d="M7 10l5 5 5-5z"
                        />
                      </svg>
                    </span>
                  </button>
                </div>
              </div>
              
            </div>
          </div>
        </div>
        <div
          className="MuiGrid-root MuiGrid-item MuiGrid-grid-xs-12"
        >
          <div
            className="get-taxi-button"
          >
            <button
              className="MuiButtonBase-root MuiButton-root MuiButton-contained MuiButton-containedPrimary MuiButton-fullWidth"
              disabled={false}
              onBlur={[Function]}
              onDragLeave={[Function]}
              onFocus={[Function]}
              onKeyDown={[Function]}
              onKeyUp={[Function]}
              onMouseDown={[Function]}
              onMouseLeave={[Function]}
              onMouseUp={[Function]}
              onTouchEnd={[Function]}
              onTouchMove={[Function]}
              onTouchStart={[Function]}
              tabIndex={0}
              type="submit"
            >
              <span
                className="MuiButton-label"
              >
                Вызвать такси
              </span>
            </button>
          </div>
        </div>
      </div>
    </form>
  </div>
</div>
`;
