// Jest Snapshot v1, https://goo.gl/fbAQLP

exports[`Map renders correctly check by snapshot 1`] = `
Array [
  <header>
    <div>
      NavBar component
    </div>
  </header>,
  <main>
    <section>
      <div>
        Карта
      </div>
    </section>
  </main>,
]
`;
