// Jest Snapshot v1, https://goo.gl/fbAQLP

exports[`LoginForm renders correctly check by snapshot 1`] = `
<div
  className="MuiPaper-root MuiPaper-elevation1 MuiPaper-rounded"
>
  <div
    className="MuiContainer-root MuiContainer-maxWidthLg"
  >
    <h4
      className="MuiTypography-root login-header MuiTypography-h4 MuiTypography-gutterBottom"
    >
      Войти
    </h4>
    <form
      onSubmit={[Function]}
    >
      <div
        className="MuiGrid-root MuiGrid-container MuiGrid-spacing-xs-2 MuiGrid-direction-xs-column"
      >
        <div
          className="MuiGrid-root MuiGrid-item MuiGrid-grid-xs-12"
        >
          <p
            className="MuiTypography-root MuiTypography-body1"
          >
            Новый пользователь? 
            <a
              className="MuiTypography-root MuiLink-root MuiLink-underlineHover MuiTypography-colorPrimary"
              href="#"
              onBlur={[Function]}
              onClick={[Function]}
              onFocus={[Function]}
            >
              Зарегистрируйтесь
            </a>
          </p>
        </div>
        <div
          className="MuiGrid-root MuiGrid-item MuiGrid-grid-xs-12"
        >
          <div
            className="MuiFormControl-root MuiFormControl-fullWidth"
          >
            <label
              className="MuiFormLabel-root MuiInputLabel-root MuiInputLabel-formControl MuiInputLabel-animated"
              data-shrink={false}
              htmlFor="login"
            >
              Пользователь
            </label>
            <div
              className="MuiInputBase-root MuiInput-root MuiInput-underline MuiInputBase-fullWidth MuiInput-fullWidth MuiInputBase-formControl MuiInput-formControl"
              onClick={[Function]}
            >
              <input
                aria-invalid={false}
                className="MuiInputBase-input MuiInput-input"
                disabled={false}
                id="login"
                name="login"
                onAnimationStart={[Function]}
                onBlur={[Function]}
                onChange={[Function]}
                onFocus={[Function]}
                required={false}
                type="email"
              />
            </div>
          </div>
        </div>
        <div
          className="MuiGrid-root MuiGrid-item MuiGrid-grid-xs-12"
        >
          <div
            className="MuiFormControl-root MuiFormControl-fullWidth"
          >
            <label
              className="MuiFormLabel-root MuiInputLabel-root MuiInputLabel-formControl MuiInputLabel-animated"
              data-shrink={false}
              htmlFor="password"
            >
              Пароль
            </label>
            <div
              className="MuiInputBase-root MuiInput-root MuiInput-underline MuiInputBase-fullWidth MuiInput-fullWidth MuiInputBase-formControl MuiInput-formControl"
              onClick={[Function]}
            >
              <input
                aria-invalid={false}
                className="MuiInputBase-input MuiInput-input"
                disabled={false}
                id="password"
                name="password"
                onAnimationStart={[Function]}
                onBlur={[Function]}
                onChange={[Function]}
                onFocus={[Function]}
                required={false}
                type="password"
              />
            </div>
          </div>
        </div>
        <div
          className="MuiGrid-root MuiGrid-item MuiGrid-grid-xs-12"
        >
          <div
            className="login-button"
          >
            <button
              className="MuiButtonBase-root MuiButton-root MuiButton-contained MuiButton-containedPrimary"
              disabled={false}
              onBlur={[Function]}
              onDragLeave={[Function]}
              onFocus={[Function]}
              onKeyDown={[Function]}
              onKeyUp={[Function]}
              onMouseDown={[Function]}
              onMouseLeave={[Function]}
              onMouseUp={[Function]}
              onTouchEnd={[Function]}
              onTouchMove={[Function]}
              onTouchStart={[Function]}
              tabIndex={0}
              type="submit"
            >
              <span
                className="MuiButton-label"
              >
                Войти
              </span>
            </button>
          </div>
        </div>
      </div>
    </form>
  </div>
</div>
`;
